main.c:637:13:MX_GPIO_Init	56	static
main.c:619:13:MX_DMA_Init	16	static
main.c:685:6:StartMainTask	8	static
main.c:726:6:StartGraphicTask	168	static
main.c:824:6:HAL_TIM_PeriodElapsedCallback	16	static
main.c:845:6:Error_Handler	0	static,ignoring_inline_asm
main.c:359:13:MX_SPI1_Init	8	static
main.c:291:13:MX_I2C1_Init	8	static
main.c:588:13:MX_USART2_UART_Init	8	static
main.c:435:13:MX_TIM2_Init	64	static
main.c:325:13:MX_I2C2_Init	8	static
main.c:494:13:MX_TIM3_Init	56	static
main.c:397:13:MX_SPI2_Init	8	static
main.c:543:13:MX_TIM4_Init	32	static
main.c:245:6:SystemClock_Config	88	static
main.c:130:5:main	32	static
