main.c:638:13:MX_GPIO_Init	56	static
main.c:620:13:MX_DMA_Init	16	static
main.c:686:6:StartMainTask	8	static
main.c:727:6:StartGraphicTask	168	static
main.c:824:6:HAL_TIM_PeriodElapsedCallback	16	static
main.c:845:6:Error_Handler	0	static,ignoring_inline_asm
main.c:360:13:MX_SPI1_Init	8	static
main.c:292:13:MX_I2C1_Init	8	static
main.c:589:13:MX_USART2_UART_Init	8	static
main.c:436:13:MX_TIM2_Init	64	static
main.c:326:13:MX_I2C2_Init	8	static
main.c:495:13:MX_TIM3_Init	56	static
main.c:398:13:MX_SPI2_Init	8	static
main.c:544:13:MX_TIM4_Init	32	static
main.c:246:6:SystemClock_Config	88	static
main.c:131:5:main	32	static
