stm32f1xx_hal_msp.c:67:6:HAL_MspInit	16	static
stm32f1xx_hal_msp.c:95:6:HAL_I2C_MspInit	48	static
stm32f1xx_hal_msp.c:179:6:HAL_I2C_MspDeInit	8	static
stm32f1xx_hal_msp.c:238:6:HAL_SPI_MspInit	40	static
stm32f1xx_hal_msp.c:311:6:HAL_SPI_MspDeInit	8	static
stm32f1xx_hal_msp.c:363:6:HAL_TIM_Base_MspInit	16	static
stm32f1xx_hal_msp.c:402:6:HAL_TIM_Encoder_MspInit	32	static
stm32f1xx_hal_msp.c:432:6:HAL_TIM_MspPostInit	32	static
stm32f1xx_hal_msp.c:462:6:HAL_TIM_Base_MspDeInit	0	static
stm32f1xx_hal_msp.c:501:6:HAL_TIM_Encoder_MspDeInit	0	static
stm32f1xx_hal_msp.c:530:6:HAL_UART_MspInit	32	static
stm32f1xx_hal_msp.c:569:6:HAL_UART_MspDeInit	0	static
